

================================================================
== Vivado HLS Report for 'frameSIPO'
================================================================
* Date:           Thu Sep  1 12:30:46 2016

* Version:        2016.2 (Build 1577090 on Thu Jun 02 16:59:10 MDT 2016)
* Project:        pie_hls
* Solution:       solution1
* Product family: zynq
* Target device:  xc7z020clg484-1


================================================================
== Performance Estimates
================================================================
+ Timing (ns): 
    * Summary: 
    +--------+-------+----------+------------+
    |  Clock | Target| Estimated| Uncertainty|
    +--------+-------+----------+------------+
    |ap_clk  |   8.00|      7.88|        1.00|
    +--------+-------+----------+------------+

+ Latency (clock cycles): 
    * Summary: 
    +-----+-----+-----+-----+----------+
    |  Latency  |  Interval | Pipeline |
    | min | max | min | max |   Type   |
    +-----+-----+-----+-----+----------+
    |    1|    1|    1|    1| function |
    +-----+-----+-----+-----+----------+

    + Detail: 
        * Instance: 
        N/A

        * Loop: 
        N/A



================================================================
== Utilization Estimates
================================================================
* Summary: 
+-----------------+---------+-------+--------+-------+
|       Name      | BRAM_18K| DSP48E|   FF   |  LUT  |
+-----------------+---------+-------+--------+-------+
|DSP              |        -|      -|       -|      -|
|Expression       |        -|      -|       0|    163|
|FIFO             |        -|      -|       -|      -|
|Instance         |        -|      -|       -|      -|
|Memory           |        -|      -|       -|      -|
|Multiplexer      |        -|      -|       -|     62|
|Register         |        -|      -|      61|      -|
+-----------------+---------+-------+--------+-------+
|Total            |        0|      0|      61|    225|
+-----------------+---------+-------+--------+-------+
|Available        |      280|    220|  106400|  53200|
+-----------------+---------+-------+--------+-------+
|Utilization (%)  |        0|      0|   ~0   |   ~0  |
+-----------------+---------+-------+--------+-------+

+ Detail: 
    * Instance: 
    N/A

    * DSP48: 
    N/A

    * Memory: 
    N/A

    * FIFO: 
    N/A

    * Expression: 
    +----------------------------+----------+-------+---+----+------------+------------+
    |        Variable Name       | Operation| DSP48E| FF| LUT| Bitwidth P0| Bitwidth P1|
    +----------------------------+----------+-------+---+----+------------+------------+
    |p_off_fu_255_p2             |     +    |      0|  0|  32|          32|           6|
    |tmp_5_fu_213_p2             |     +    |      0|  0|  32|          32|           1|
    |ap_sig_136                  |    and   |      0|  0|   1|           1|           1|
    |ap_sig_142                  |    and   |      0|  0|   1|           1|           1|
    |ap_sig_160                  |    and   |      0|  0|   1|           1|           1|
    |ap_sig_164                  |    and   |      0|  0|   1|           1|           1|
    |ap_sig_173                  |    and   |      0|  0|   1|           1|           1|
    |ap_sig_191                  |    and   |      0|  0|   1|           1|           1|
    |ap_sig_195                  |    and   |      0|  0|   1|           1|           1|
    |ap_sig_212                  |    and   |      0|  0|   1|           1|           1|
    |ap_sig_315                  |    and   |      0|  0|   1|           1|           1|
    |ap_sig_322                  |    and   |      0|  0|   1|           1|           1|
    |ap_sig_325                  |    and   |      0|  0|   1|           1|           1|
    |ap_sig_55                   |    and   |      0|  0|   1|           1|           1|
    |ap_sig_82                   |    and   |      0|  0|   1|           1|           1|
    |tmp_nbreadreq_fu_88_p4      |    and   |      0|  0|   1|           1|           0|
    |icmp5_fu_287_p2             |   icmp   |      0|  0|   9|          26|           1|
    |icmp_fu_271_p2              |   icmp   |      0|  0|  11|          31|           1|
    |tmp_3_fu_195_p2             |   icmp   |      0|  0|   3|           8|           7|
    |tmp_6_fu_225_p2             |   icmp   |      0|  0|  11|          32|           3|
    |tmp_7_fu_231_p2             |   icmp   |      0|  0|  11|          32|           4|
    |tmp_8_fu_237_p2             |   icmp   |      0|  0|  11|          32|           4|
    |tmp_9_fu_243_p2             |   icmp   |      0|  0|  11|          32|           4|
    |tmp_s_fu_249_p2             |   icmp   |      0|  0|  11|          32|           5|
    |ap_sig_45                   |    or    |      0|  0|   1|           1|           1|
    |tmp_1_fu_293_p2             |    or    |      0|  0|   1|           1|           1|
    |storemerge1_cast_fu_305_p3  |  select  |      0|  0|   2|           1|           2|
    |storemerge2_fu_312_p3       |  select  |      0|  0|   3|           1|           3|
    +----------------------------+----------+-------+---+----+------------+------------+
    |Total                       |          |      0|  0| 163|         307|          56|
    +----------------------------+----------+-------+---+----+------------+------------+

    * Multiplexer: 
    +----------------------------------------------+----+-----------+-----+-----------+
    |                     Name                     | LUT| Input Size| Bits| Total Bits|
    +----------------------------------------------+----+-----------+-----+-----------+
    |CNT_STATE                                     |   1|          3|    1|          3|
    |ap_NS_fsm1                                    |   2|          3|    2|          6|
    |ap_reg_phiprechg_header_new_6_reg_146pp0_it1  |   8|          6|    8|         48|
    |ap_reg_phiprechg_header_new_reg_133pp0_it1    |   8|          3|    8|         24|
    |byte_cnt                                      |  32|          2|   32|         64|
    |header_new_6_phi_fu_154_p14                   |   8|          3|    8|         24|
    |inData_TDATA_blk_n                            |   1|          2|    1|          2|
    |livewire                                      |   1|          3|    1|          3|
    |storemerge_phi_fu_125_p4                      |   1|          3|    1|          3|
    +----------------------------------------------+----+-----------+-----+-----------+
    |Total                                         |  62|         28|   62|        177|
    +----------------------------------------------+----+-----------+-----+-----------+

    * Register: 
    +----------------------------------------------+----+----+-----+-----------+
    |                     Name                     | FF | LUT| Bits| Const Bits|
    +----------------------------------------------+----+----+-----+-----------+
    |CNT_STATE                                     |   1|   0|    1|          0|
    |CNT_STATE_load_reg_328                        |   1|   0|    1|          0|
    |ap_CS_fsm0                                    |   1|   0|    1|          0|
    |ap_CS_fsm1                                    |   2|   0|    2|          0|
    |ap_reg_phiprechg_header_new_6_reg_146pp0_it1  |   8|   0|    8|          0|
    |ap_reg_phiprechg_header_new_reg_133pp0_it1    |   8|   0|    8|          0|
    |byte_cnt                                      |  32|   0|   32|          0|
    |icmp_reg_355                                  |   1|   0|    1|          0|
    |tmp_1_reg_360                                 |   1|   0|    1|          0|
    |tmp_6_reg_335                                 |   1|   0|    1|          0|
    |tmp_7_reg_339                                 |   1|   0|    1|          0|
    |tmp_8_reg_343                                 |   1|   0|    1|          0|
    |tmp_9_reg_347                                 |   1|   0|    1|          0|
    |tmp_reg_324                                   |   1|   0|    1|          0|
    |tmp_s_reg_351                                 |   1|   0|    1|          0|
    +----------------------------------------------+----+----+-----+-----------+
    |Total                                         |  61|   0|   61|          0|
    +----------------------------------------------+----+----+-----+-----------+



================================================================
== Interface
================================================================
* Summary: 
+-----------------+-----+-----+------------+-----------------+--------------+
|    RTL Ports    | Dir | Bits|  Protocol  |  Source Object  |    C Type    |
+-----------------+-----+-----+------------+-----------------+--------------+
|ap_clk           |  in |    1| ap_ctrl_hs |    frameSIPO    | return value |
|ap_rst_n         |  in |    1| ap_ctrl_hs |    frameSIPO    | return value |
|ap_start         |  in |    1| ap_ctrl_hs |    frameSIPO    | return value |
|ap_done          | out |    1| ap_ctrl_hs |    frameSIPO    | return value |
|ap_idle          | out |    1| ap_ctrl_hs |    frameSIPO    | return value |
|ap_ready         | out |    1| ap_ctrl_hs |    frameSIPO    | return value |
|inData_TVALID    |  in |    1|    axis    | inData_V_user_V |    pointer   |
|inData_TREADY    | out |    1|    axis    | inData_V_user_V |    pointer   |
|inData_TUSER     |  in |    2|    axis    | inData_V_user_V |    pointer   |
|inData_TDATA     |  in |    8|    axis    | inData_V_data_V |    pointer   |
|header           | out |    8|   ap_vld   |      header     |    pointer   |
|header_ap_vld    | out |    1|   ap_vld   |      header     |    pointer   |
|livewire         | out |    1|   ap_vld   |     livewire    |    pointer   |
|livewire_ap_vld  | out |    1|   ap_vld   |     livewire    |    pointer   |
+-----------------+-----+-----+------------+-----------------+--------------+

